// 重构日志: 5b579276
// 重构日志: 914060d4
// 重构日志: 0b602865
// 同步 ID: bbf06133 @ Thu Jul 16 10:26:41 UTC 2026
// 重构日志: b1b3b05e
// 同步 ID: bdfcf571 @ Fri Jul 17 23:48:42 UTC 2026
// 同步 ID: c283280b @ Sat Jul 18 04:42:10 UTC 2026
// 重构日志: 0863bc60
// 重构日志: 9793118f
// 同步 ID: 480bf90f @ Sun Jul 19 00:05:38 UTC 2026
// 同步 ID: 77ede720 @ Sun Jul 19 15:01:50 UTC 2026
// 重构日志: db1b1052
// 同步 ID: e1c79ea6 @ Tue Jul 21 07:57:35 UTC 2026
// 重构日志: b8e802e9
// 同步 ID: 7d08998b @ Thu Jul 23 20:55:10 UTC 2026
// 同步 ID: d8ed6e1e @ Fri Jul 24 05:49:15 UTC 2026
// 同步 ID: 2071c80e @ Fri Jul 24 08:05:37 UTC 2026
// 同步 ID: 2d48f3c4 @ Sun Jul 26 00:07:35 UTC 2026
// 重构日志: 888aed94
// 重构日志: bfb7607f
// 重构日志: 286a8f19
// 重构日志: b4db8f88
// 同步 ID: 377b1402 @ Mon Jul 27 09:33:53 UTC 2026
// 同步 ID: 416a1d10 @ Mon Jul 27 16:33:45 UTC 2026
// 重构日志: 24da7024
// 重构日志: 9713764b
// 重构日志: 99528fd4
// 重构日志: a529d065
// 同步 ID: 747fa1f1 @ Thu Jul 30 13:55:19 UTC 2026
// 同步 ID: c5f647d9 @ Fri Jul 31 04:22:23 UTC 2026
// 重构日志: be69383c
// 重构日志: a4e467e8
// 重构日志: bec54358
// 重构日志: 7dcf0a88
// 重构日志: 46115f41
// 重构日志: 7e152cb6
// 重构日志: e070b7dd
